<html>
<body>
<pre>
<h1>µVision Build Log</h1>
<h2>Tool Versions:</h2>
IDE-Version: µVision V5.29.0.0
Copyright (C) 2019 ARM Ltd and ARM Germany GmbH. All rights reserved.
License Information: Varsha Devagiri, MSIS, LIC=----
 
Tool Versions:
Toolchain:       MDK-Lite  Version: 5.29.0.0
Toolchain Path:  C:\Keil_v5\ARM\ARMCC\Bin
C Compiler:      Armcc.exe V5.06 update 6 (build 750)
Assembler:       Armasm.exe V5.06 update 6 (build 750)
Linker/Locator:  ArmLink.exe V5.06 update 6 (build 750)
Library Manager: ArmAr.exe V5.06 update 6 (build 750)
Hex Converter:   FromElf.exe V5.06 update 6 (build 750)
CPU DLL:         SARM.DLL V5.29.0.0
Dialog DLL:      DARMP.DLL V1.53.0.0
Target DLL:      UL2ARM.DLL V1.74.10.0
Dialog DLL:      TARMP.DLL V1.53.0.0
 
<h2>Project:</h2>
C:\Users\user\Downloads\ass\Code\Q3\LCD_Switch.uvproj
Project File Date:  11/27/2022

<h2>Output:</h2>
*** Using Compiler 'V5.06 update 6 (build 750)', folder: 'C:\Keil_v5\ARM\ARMCC\Bin'
Build target 'Target 1'
compiling lcd_switch.c...
header.h(1): warning:  #1295-D: Deprecated declaration lcd_init - give arg types
  void lcd_init();               
header.h(5): warning:  #1-D: last line of file ends without a newline
  void delay();                   
header.h(5): warning:  #1295-D: Deprecated declaration delay - give arg types
  void delay();                   
lcd_switch.c(19): warning:  #1-D: last line of file ends without a newline
  }
lcd_switch.c: 4 warnings, 0 errors
linking...
Program Size: Code=916 RO-data=16 RW-data=0 ZI-data=1256  
FromELF: creating hex file...
".\Objects\LCD_Switch.axf" - 0 Error(s), 4 Warning(s).
Build Time Elapsed:  00:00:03
</pre>
</body>
</html>
